// Jest Snapshot v1, https://goo.gl/fbAQLP

exports[`PasswordBox renders correctly 1`] = `
<styled.div>
  <mockConstructor
    errorState="initial"
  />
</styled.div>
`;
