// Jest Snapshot v1, https://goo.gl/fbAQLP

exports[`SimpleDropdown component default renders correctly 1`] = `
<styled.div
  uppercase={true}
>
  <styled.ul
    down={false}
    toggled={false}
  >
    <styled.li
      key="0"
      onClick={[Function]}
    >
      test
    </styled.li>
  </styled.ul>
  <styled.div
    color="brand-secondary"
    onClick={[Function]}
  >
    <styled.div>
      test
    </styled.div>
    <Styled(Icon)
      name="down-arrow"
      size="8px"
    />
  </styled.div>
</styled.div>
`;
