// Jest Snapshot v1, https://goo.gl/fbAQLP

exports[`Badge component renders correctly 1`] = `<div />`;
