// Jest Snapshot v1, https://goo.gl/fbAQLP

exports[`FooterShadowWrapper renders correctly 1`] = `
<styled.div
  className="cn"
>
  <Styled(Icon) />
  <Styled(Text)>
    <div />
  </Styled(Text)>
  <Styled(Text)>
    <div />
  </Styled(Text)>
</styled.div>
`;
