// Jest Snapshot v1, https://goo.gl/fbAQLP

exports[`Support modal component matches snapshot 1`] = `
<Modal
  size="small"
>
  <styled.div
    data-e2e="swapGetStarted"
  >
    <Styled(Text)
      size="20px"
    >
      <FormattedHTMLMessage
        defaultMessage="Need some help?"
        id="modals.support.need_some_help"
        values={Object {}}
      />
    </Styled(Text)>
    <Styled(Text)>
      <FormattedMessage
        defaultMessage="Our Blockchain Support Team is standing by."
        id="modals.support.our_support"
        values={Object {}}
      />
    </Styled(Text)>
    <Styled(Link)
      href="https://blockchain.zendesk.com/hc/en-us/requests/new?ticket_form_id=360000180551"
      target="_blank"
    >
      <Styled(Button)
        fullwidth={true}
        nature="primary"
        size="20px"
      >
        <FormattedMessage
          defaultMessage="Contact Support"
          id="modals.support.contact_support"
          values={Object {}}
        />
      </Styled(Button)>
    </Styled(Link)>
    <Styled(Image)
      name="identity-verification"
    />
  </styled.div>
</Modal>
`;
