// Jest Snapshot v1, https://goo.gl/fbAQLP

exports[`RadioButton renders correctly 1`] = `
<styled.div>
  <styled.div>
    <mockConstructor
      errorState="initial"
      props={
        Object {
          "id": undefined,
        }
      }
    />
  </styled.div>
</styled.div>
`;
