// Jest Snapshot v1, https://goo.gl/fbAQLP

exports[`Public Footer Component should match snapshot 1`] = `
<styled.footer>
  <styled.div>
    <Component
      type="applestore"
    />
    <Component
      type="googleplay"
    />
  </styled.div>
</styled.footer>
`;
