// Jest Snapshot v1, https://goo.gl/fbAQLP

exports[`SelectBox renders correctly 1`] = `
<styled.div
  data-e2e="dropdownSelect"
>
  <SelectInput
    elements={
      Array [
        Object {
          "group": "fakeG",
          "items": Array [
            Object {
              "text": "1",
              "value": 1,
            },
            Object {
              "text": "2",
              "value": 2,
            },
            Object {
              "text": "3",
              "value": 3,
            },
          ],
        },
      ]
    }
    errorState="initial"
    getRef={[Function]}
    onBlur={[MockFunction]}
    onChange={[MockFunction]}
    onFocus={[MockFunction]}
    onKeyDown={[Function]}
    value=""
  />
</styled.div>
`;
