// Jest Snapshot v1, https://goo.gl/fbAQLP

exports[`CoinTicker template error renders correctly 1`] = `
<styled.div>
  <text
    color="red600"
    size="12px"
    weight={400}
  >
    Error message
  </text>
</styled.div>
`;
