// Jest Snapshot v1, https://goo.gl/fbAQLP

exports[`FormItem renders correctly 1`] = `
.c0 > div {
  margin-bottom: 5px;
}

<label
  className="c0"
>
  <text
    size="14px"
    weight={500}
  />
</label>
`;
