// Jest Snapshot v1, https://goo.gl/fbAQLP

exports[`BlockchainLoader component default renders correctly 1`] = `
<styled.div
  height="10px"
  width="10px"
>
  <styled.div>
    <Styled(Styled(styled.div)) />
    <Styled(Styled(styled.div)) />
    <Styled(Styled(styled.div)) />
    <Styled(Styled(styled.div)) />
    <Styled(Styled(styled.div)) />
    <Styled(Styled(styled.div)) />
    <Styled(Styled(styled.div)) />
    <Styled(Styled(styled.div)) />
    <Styled(Styled(styled.div)) />
    <Styled(Styled(styled.div)) />
    <Styled(Styled(styled.div)) />
    <Styled(Styled(styled.div)) />
    <Styled(Styled(styled.div)) />
    <Styled(Styled(styled.div)) />
    <Styled(Styled(styled.div)) />
    <Styled(Styled(styled.div)) />
    <Styled(Styled(styled.div)) />
    <Styled(Styled(styled.div)) />
    <Styled(Styled(styled.div)) />
    <Styled(Styled(styled.div)) />
    <Styled(Styled(styled.div)) />
    <Styled(Styled(styled.div)) />
    <Styled(Styled(styled.div)) />
    <Styled(Styled(styled.div)) />
    <Styled(Styled(styled.div)) />
  </styled.div>
</styled.div>
`;
