// Jest Snapshot v1, https://goo.gl/fbAQLP

exports[`FlatLoader component default renders correctly 1`] = `
<styled.div
  height="10px"
  width="10px"
>
  <Styled(styled.div)
    color="brand-primary"
  />
  <Styled(styled.div)
    color="brand-primary"
  />
  <Styled(styled.div)
    color="brand-primary"
  />
  <Styled(styled.div)
    color="brand-primary"
  />
  <Styled(styled.div)
    color="brand-primary"
  />
</styled.div>
`;
