// Jest Snapshot v1, https://goo.gl/fbAQLP

exports[`HeartbeatLoader component default renders correctly 1`] = `
<styled.div
  height="10px"
  width="10px"
>
  <styled.div
    color="blue900"
  />
  <Styled(styled.div)
    color="blue900"
  />
</styled.div>
`;
