// Jest Snapshot v1, https://goo.gl/fbAQLP

exports[`SelectInput component default renders correctly 1`] = `
<styled.div>
  <styled.button>
    <styled.div>
      hello
    </styled.div>
  </styled.button>
  <Styled(Icon)
    name="down-arrow"
  />
  <styled.div>
    <styled.div
      key="0"
      onMouseDown={[Function]}
    >
      <styled.div>
        test
      </styled.div>
    </styled.div>
  </styled.div>
</styled.div>
`;
