// Jest Snapshot v1, https://goo.gl/fbAQLP

exports[`PasswordScore renders correctly 1`] = `
<password-gauge
  score={1}
/>
`;
