// Jest Snapshot v1, https://goo.gl/fbAQLP

exports[`FormItem renders correctly 1`] = `
.c0 {
  position: relative;
  width: 10%;
}

<div
  className="c0"
  width="10%"
/>
`;
