// Jest Snapshot v1, https://goo.gl/fbAQLP

exports[`Exchange RatesBox should render correct rates for sourceToTarget 1`] = `
<Styled(styled.div)>
  <Styled(styled.div)>
    <styled.div>
      <Styled(Text)>
        <FormattedMessage
          defaultMessage="{sourceCoinTicker} available for Swap"
          id="scenes.exchange.exchangeform.summary.totalbalanceavailable"
          values={
            Object {
              "sourceCoinTicker": undefined,
            }
          }
        />
      </Styled(Text)>
      <Styled(Text)>
        <styled.div>
          <Styled(Text)
            color="success"
          >
            $1000.00
             
          </Styled(Text)>
          <span>
             
          </span>
          <Styled(Text)>
             
          </Styled(Text)>
        </styled.div>
      </Styled(Text)>
    </styled.div>
    <styled.div>
      <Styled(Text)
        color="blue900"
      >
        1 
         =
      </Styled(Text)>
      <Styled(Text)>
        <StringDisplayContainer
          skeletonHeight="14px"
          skeletonWidth="60px"
        >
          <Component />
        </StringDisplayContainer>
      </Styled(Text)>
    </styled.div>
  </Styled(styled.div)>
</Styled(styled.div)>
`;

exports[`Exchange RatesBox should render correct rates for sourceToTarget 2`] = `
<Styled(styled.div)>
  <Styled(styled.div)>
    <styled.div>
      <Styled(Text)>
        <FormattedMessage
          defaultMessage="{sourceCoinTicker} available for Swap"
          id="scenes.exchange.exchangeform.summary.totalbalanceavailable"
          values={
            Object {
              "sourceCoinTicker": undefined,
            }
          }
        />
      </Styled(Text)>
      <Styled(Text)>
        <styled.div>
          <Styled(Text)
            color="success"
          >
            $1000.00
             
          </Styled(Text)>
          <span>
             
          </span>
          <Styled(Text)>
             
          </Styled(Text)>
        </styled.div>
      </Styled(Text)>
    </styled.div>
    <styled.div>
      <Styled(Text)
        color="blue900"
      >
        1 
         =
      </Styled(Text)>
      <Styled(Text)>
        <StringDisplayContainer
          skeletonHeight="14px"
          skeletonWidth="60px"
        >
          <Component />
        </StringDisplayContainer>
      </Styled(Text)>
    </styled.div>
  </Styled(styled.div)>
</Styled(styled.div)>
`;

exports[`Exchange RatesBox should render correct rates for sourceToTarget 3`] = `
<Styled(styled.div)>
  <Styled(styled.div)>
    <styled.div>
      <Styled(Text)>
        <FormattedMessage
          defaultMessage="{sourceCoinTicker} available for Swap"
          id="scenes.exchange.exchangeform.summary.totalbalanceavailable"
          values={
            Object {
              "sourceCoinTicker": undefined,
            }
          }
        />
      </Styled(Text)>
      <Styled(Text)>
        <styled.div>
          <Styled(Text)
            color="success"
          >
            $1000.00
             
          </Styled(Text)>
          <span>
             
          </span>
          <Styled(Text)>
             
          </Styled(Text)>
        </styled.div>
      </Styled(Text)>
    </styled.div>
    <styled.div>
      <Styled(Text)
        color="blue900"
      >
        1 
         =
      </Styled(Text)>
      <Styled(Text)>
        <StringDisplayContainer
          skeletonHeight="14px"
          skeletonWidth="60px"
        >
          <Component />
        </StringDisplayContainer>
      </Styled(Text)>
    </styled.div>
  </Styled(styled.div)>
</Styled(styled.div)>
`;

exports[`Exchange RatesBox should render correct rates for sourceToTarget 4`] = `
<Styled(styled.div)>
  <Styled(styled.div)>
    <styled.div>
      <Styled(Text)>
        <FormattedMessage
          defaultMessage="{sourceCoinTicker} available for Swap"
          id="scenes.exchange.exchangeform.summary.totalbalanceavailable"
          values={
            Object {
              "sourceCoinTicker": undefined,
            }
          }
        />
      </Styled(Text)>
      <Styled(Text)>
        <styled.div>
          <Styled(Text)
            color="success"
          >
            $1000.00
             
          </Styled(Text)>
          <span>
             
          </span>
          <Styled(Text)>
             
          </Styled(Text)>
        </styled.div>
      </Styled(Text)>
    </styled.div>
    <styled.div>
      <Styled(Text)
        color="blue900"
      >
        1 
         =
      </Styled(Text)>
      <Styled(Text)>
        <StringDisplayContainer
          skeletonHeight="14px"
          skeletonWidth="60px"
        >
          <Component />
        </StringDisplayContainer>
      </Styled(Text)>
    </styled.div>
  </Styled(styled.div)>
</Styled(styled.div)>
`;
