// Jest Snapshot v1, https://goo.gl/fbAQLP

exports[`Carousel component default renders correctly 1`] = `
<template__Wrapper>
  <template__Content
    height={12}
    total={12}
  >
    <Styled(Icon)
      left={true}
    />
    <template__Slider
      height={12}
      index={4}
      total={12}
    />
    <Styled(Icon) />
  </template__Content>
</template__Wrapper>
`;
