// Jest Snapshot v1, https://goo.gl/fbAQLP

exports[`InProgress renders correctly 1`] = `
<styled.button>
  <Component
    color="white"
    size="16px"
    weight={600}
  >
    <FormattedMessage
      defaultMessage="Continue Where You Left Off"
      id="scenes.exchange.getstarted.status.inprogress.button1"
      values={Object {}}
    />
  </Component>
</styled.button>
`;
