// Jest Snapshot v1, https://goo.gl/fbAQLP

exports[`Pending renders correctly 1`] = `
<styled.div>
  <text
    color="white"
    size="14px"
    weight={500}
  >
    <FormattedMessage
      defaultMessage="Account Verification In Progress"
      id="scenes.exchange.getstarted.status.pending.title1"
      values={Object {}}
    />
  </text>
  <text
    size="14px"
    weight={400}
  >
    <FormattedMessage
      defaultMessage="We are currently reviewing your application. Hang tight! In just a few minutes you will be all set to trade cryptocurrency. You should receive an update within 5 minutes."
      id="scenes.exchange.getstarted.status.pending.description"
      values={Object {}}
    />
  </text>
</styled.div>
`;
