// Jest Snapshot v1, https://goo.gl/fbAQLP

exports[`TextArea renders correctly 1`] = `
<styled.div>
  <text-area-input
    errorState="initial"
    rows={3}
  />
</styled.div>
`;
